// Jest Snapshot v1, https://goo.gl/fbAQLP

exports[`render <Button> <Button> rendered correctly 1`] = `ShallowWrapper {}`;
